// Jest Snapshot v1, https://goo.gl/fbAQLP

exports[`Component: Login Displays Buckets component 1`] = `null`;
