// Jest Snapshot v1, https://goo.gl/fbAQLP

exports[`Displays NavBar 1`] = `
<div
  className="row app-nav"
>
  <div
    className="col-md-8 col-sm-8 pull-left"
  >
    <h3
      id="app-title"
    >
      BucketList
    </h3>
  </div>
  <div
    className="col-md-2 col-sm-2 nav-tab text-center"
  >
    <a
      href="/logout"
      onClick={[Function]}
    >
      Logout
    </a>
  </div>
</div>
`;
