// Jest Snapshot v1, https://goo.gl/fbAQLP

exports[`Component: Register Displays Register 1`] = `
<div
  className="container-fluid text-center "
>
  <div
    className="col-md-4 col-md-offset-4 col-sm-9 auth-box"
  >
    <div
      className="panel panel-primary"
    >
      <div
        className="panel-heading"
      >
        <h4
          className="panel-title"
        >
          Sign up
        </h4>
      </div>
      <div
        className="panel-body"
      >
        <form
          onSubmit={[Function]}
        >
          <div
            className="modal-body"
          >
            <div
              className="form-group"
            >
              <input
                className="form-control"
                name="name"
                onChange={[Function]}
                placeholder="Name"
                required={true}
                type="text"
                value=""
              />
            </div>
            <div
              className="form-group"
            >
              <input
                className="form-control"
                name="email"
                onChange={[Function]}
                placeholder="Email"
                required={true}
                type="email"
                value=""
              />
            </div>
            <div
              className="form-group"
            >
              <input
                className="form-control"
                name="password"
                onChange={[Function]}
                placeholder="Password"
                required={true}
                type="password"
                value=""
              />
            </div>
          </div>
          <div
            className="modal-footer"
          >
            <div>
              <button
                className="btn btn-primary btn-lg btn-block"
                type="submit"
              >
                Register
              </button>
            </div>
            <div>
              <a
                className="btn btn-link"
                href="/login"
                onClick={[Function]}
              >
                Login
              </a>
            </div>
          </div>
        </form>
      </div>
    </div>
  </div>
  <div
    className="notification-container notification-container-empty"
  >
    <span />
  </div>
</div>
`;
