// Jest Snapshot v1, https://goo.gl/fbAQLP

exports[`Displays item table header 1`] = `
<thead>
  <tr>
    <th>
      Item
    </th>
    <th>
      status
    </th>
    <th>
      Date Added
    </th>
    <th>
      Action
    </th>
  </tr>
</thead>
`;
